[2025-08-01 22:11:05,902: INFO: main: welcome to our custom logging data science]
[2025-08-05 21:21:57,411: INFO: common: yaml file: config\config.yaml loaded succesfully]
[2025-08-05 21:21:57,417: INFO: common: yaml file: params.yaml loaded succesfully]
[2025-08-05 21:32:36,860: INFO: common: yaml file: config\config.yaml loaded succesfully]
[2025-08-05 21:32:36,862: INFO: common: yaml file: params.yaml loaded succesfully]
[2025-08-05 21:32:36,871: INFO: common: yaml file: schema.yaml loaded succesfully]
[2025-08-05 21:33:09,284: INFO: common: yaml file: config\config.yaml loaded succesfully]
[2025-08-05 21:33:09,284: INFO: common: yaml file: params.yaml loaded succesfully]
[2025-08-05 21:33:09,289: INFO: common: yaml file: schema.yaml loaded succesfully]
[2025-08-05 21:33:09,298: INFO: common: created directory at: artifacts]
[2025-08-05 21:36:11,916: INFO: common: yaml file: config\config.yaml loaded succesfully]
[2025-08-05 21:36:11,916: INFO: common: yaml file: params.yaml loaded succesfully]
[2025-08-05 21:36:11,919: INFO: common: yaml file: schema.yaml loaded succesfully]
[2025-08-05 21:36:11,921: INFO: common: created directory at: artifacts]
[2025-08-05 21:37:13,557: INFO: common: yaml file: config\config.yaml loaded succesfully]
[2025-08-05 21:37:13,559: INFO: common: yaml file: params.yaml loaded succesfully]
[2025-08-05 21:37:13,559: INFO: common: yaml file: schema.yaml loaded succesfully]
[2025-08-05 21:37:13,562: INFO: common: created directory at: artifacts]
[2025-08-05 21:37:13,565: INFO: common: created directory at: artifacts/data_ingestion]
[2025-08-05 21:37:15,034: INFO: 653420479: artifacts/data_ingestion/data.zip download! with following info: 
Connection: close
Content-Length: 23329
Cache-Control: max-age=300
Content-Security-Policy: default-src 'none'; style-src 'unsafe-inline'; sandbox
Content-Type: application/zip
ETag: "c69888a4ae59bc5a893392785a938ccd4937981c06ba8a9d6a21aa52b4ab5b6e"
Strict-Transport-Security: max-age=31536000
X-Content-Type-Options: nosniff
X-Frame-Options: deny
X-XSS-Protection: 1; mode=block
X-GitHub-Request-Id: 2520:C0D1C:14EDDF:2C7735:68922C33
Accept-Ranges: bytes
Date: Tue, 05 Aug 2025 16:07:16 GMT
Via: 1.1 varnish
X-Served-By: cache-maa10223-MAA
X-Cache: MISS
X-Cache-Hits: 0
X-Timer: S1754410036.204901,VS0,VE265
Vary: Authorization,Accept-Encoding
Access-Control-Allow-Origin: *
Cross-Origin-Resource-Policy: cross-origin
X-Fastly-Request-ID: 02c4571df58876d15fa62ae3074754ea1461c407
Expires: Tue, 05 Aug 2025 16:12:16 GMT
Source-Age: 0

]
[2025-08-06 00:03:04,119: INFO: main: >>>>>>>>data ingesiton pipeline<<<<<<<<<<]
[2025-08-06 00:03:04,119: INFO: common: yaml file: config\config.yaml loaded succesfully]
[2025-08-06 00:03:04,119: INFO: common: yaml file: params.yaml loaded succesfully]
[2025-08-06 00:03:04,119: INFO: common: yaml file: schema.yaml loaded succesfully]
[2025-08-06 00:03:04,119: INFO: common: created directory at: artifacts]
[2025-08-06 00:03:04,119: INFO: common: created directory at: artifacts/data_ingestion]
[2025-08-06 00:03:04,119: INFO: data_ingestion: file already exists]
[2025-08-06 00:03:04,128: INFO: main: >>>>>>>>>stage data ingesiton pipeline completed <<<<<<< ]
[2025-08-06 00:03:04,128: INFO: main: welcome to our custom logging data science]
[2025-08-06 00:04:00,067: INFO: main: >>>>>>>>data ingesiton pipeline<<<<<<<<<<]
[2025-08-06 00:04:00,068: INFO: common: yaml file: config\config.yaml loaded succesfully]
[2025-08-06 00:04:00,069: INFO: common: yaml file: params.yaml loaded succesfully]
[2025-08-06 00:04:00,070: INFO: common: yaml file: schema.yaml loaded succesfully]
[2025-08-06 00:04:00,070: INFO: common: created directory at: artifacts]
[2025-08-06 00:04:00,073: INFO: common: created directory at: artifacts/data_ingestion]
[2025-08-06 00:04:01,598: INFO: data_ingestion: artifacts/data_ingestion/data.zip download! with following info: 
Connection: close
Content-Length: 23329
Cache-Control: max-age=300
Content-Security-Policy: default-src 'none'; style-src 'unsafe-inline'; sandbox
Content-Type: application/zip
ETag: "c69888a4ae59bc5a893392785a938ccd4937981c06ba8a9d6a21aa52b4ab5b6e"
Strict-Transport-Security: max-age=31536000
X-Content-Type-Options: nosniff
X-Frame-Options: deny
X-XSS-Protection: 1; mode=block
X-GitHub-Request-Id: 2947:380F1D:16CAE7:319980:68924E9A
Accept-Ranges: bytes
Date: Tue, 05 Aug 2025 18:34:03 GMT
Via: 1.1 varnish
X-Served-By: cache-maa10223-MAA
X-Cache: MISS
X-Cache-Hits: 0
X-Timer: S1754418843.888872,VS0,VE265
Vary: Authorization,Accept-Encoding
Access-Control-Allow-Origin: *
Cross-Origin-Resource-Policy: cross-origin
X-Fastly-Request-ID: 7b9c7e40f8847ac785cfb7e80af58220a4a49b19
Expires: Tue, 05 Aug 2025 18:39:03 GMT
Source-Age: 0

]
[2025-08-06 00:04:01,609: INFO: main: >>>>>>>>>stage data ingesiton pipeline completed <<<<<<< ]
[2025-08-06 00:04:01,609: INFO: main: welcome to our custom logging data science]
[2025-08-09 17:27:43,997: INFO: common: yaml file: config\config.yaml loaded succesfully]
[2025-08-09 17:27:44,026: INFO: common: yaml file: params.yaml loaded succesfully]
[2025-08-09 17:27:44,035: INFO: common: yaml file: schema.yaml loaded succesfully]
[2025-08-09 17:27:44,037: INFO: common: created directory at: artifacts]
[2025-08-09 17:27:44,038: INFO: common: created directory at: artifacts/data_validation]
[2025-08-09 17:30:03,310: INFO: common: yaml file: config\config.yaml loaded succesfully]
[2025-08-09 17:30:03,312: INFO: common: yaml file: params.yaml loaded succesfully]
[2025-08-09 17:30:03,316: INFO: common: yaml file: schema.yaml loaded succesfully]
[2025-08-09 17:30:03,317: INFO: common: created directory at: artifacts]
[2025-08-09 17:30:03,318: INFO: common: created directory at: artifacts/data_validation]
[2025-08-09 17:35:42,443: INFO: common: yaml file: config\config.yaml loaded succesfully]
[2025-08-09 17:35:42,445: INFO: common: yaml file: params.yaml loaded succesfully]
[2025-08-09 17:35:42,447: INFO: common: yaml file: schema.yaml loaded succesfully]
[2025-08-09 17:35:42,449: INFO: common: created directory at: artifacts]
[2025-08-09 17:35:42,450: INFO: common: created directory at: artifacts/data_validation]
[2025-08-09 18:03:32,354: INFO: main: >>>>>>>>data ingesiton pipeline<<<<<<<<<<]
[2025-08-09 18:03:32,355: INFO: common: yaml file: config\config.yaml loaded succesfully]
[2025-08-09 18:03:32,356: INFO: common: yaml file: params.yaml loaded succesfully]
[2025-08-09 18:03:32,356: INFO: common: yaml file: schema.yaml loaded succesfully]
[2025-08-09 18:03:32,356: INFO: common: created directory at: artifacts]
[2025-08-09 18:03:32,356: INFO: common: created directory at: artifacts/data_ingestion]
[2025-08-09 18:03:32,359: INFO: data_ingestion: file already exists]
[2025-08-09 18:03:32,380: INFO: main: >>>>>>>>>stage data ingesiton pipeline completed <<<<<<< ]
[2025-08-09 18:03:32,381: INFO: main: >>>>>> stage Data Validation stage started <<<<<<]
[2025-08-09 18:03:32,383: INFO: common: yaml file: config\config.yaml loaded succesfully]
[2025-08-09 18:03:32,383: INFO: common: yaml file: params.yaml loaded succesfully]
[2025-08-09 18:03:32,385: INFO: common: yaml file: schema.yaml loaded succesfully]
[2025-08-09 18:03:32,385: INFO: common: created directory at: artifacts]
[2025-08-09 18:03:32,386: INFO: common: created directory at: artifacts/data_validation]
[2025-08-09 18:03:32,386: ERROR: main: DataValidationConfig.__init__() got an unexpected keyword argument 'unzip_data_dir']
Traceback (most recent call last):
  File "D:\MLOPs-Tutorials\DS-Project-end2end\main.py", line 19, in <module>
    data_ingestion.initiate_data_validation()
  File "D:\MLOPs-Tutorials\DS-Project-end2end\src\dataScience\pipeline\data_validation_pipeline.py", line 13, in initiate_data_validation
    data_validation_config = config.get_data_validation_config()
  File "D:\MLOPs-Tutorials\DS-Project-end2end\src\dataScience\config\configuration.py", line 36, in get_data_validation_config
    data_validation_config = DataValidationConfig(
TypeError: DataValidationConfig.__init__() got an unexpected keyword argument 'unzip_data_dir'
[2025-08-09 18:23:03,030: INFO: main: >>>>>>>>data ingesiton pipeline<<<<<<<<<<]
[2025-08-09 18:23:03,032: INFO: common: yaml file: config\config.yaml loaded succesfully]
[2025-08-09 18:23:03,032: INFO: common: yaml file: params.yaml loaded succesfully]
[2025-08-09 18:23:03,034: INFO: common: yaml file: schema.yaml loaded succesfully]
[2025-08-09 18:23:03,034: INFO: common: created directory at: artifacts]
[2025-08-09 18:23:03,034: INFO: common: created directory at: artifacts/data_ingestion]
[2025-08-09 18:23:03,035: ERROR: main: DataIngestionConfig.__init__() got an unexpected keyword argument 'unzip_dir']
Traceback (most recent call last):
  File "D:\MLOPs-Tutorials\DS-Project-end2end\main.py", line 9, in <module>
    data_ingestion.initiate_data_ingestion()
  File "D:\MLOPs-Tutorials\DS-Project-end2end\src\dataScience\pipeline\data_ingestion_pipeline.py", line 14, in initiate_data_ingestion
    data_ingestion_config=config.get_data_ingestion_config()
  File "D:\MLOPs-Tutorials\DS-Project-end2end\src\dataScience\config\configuration.py", line 23, in get_data_ingestion_config
    data_ingestion_config = DataIngestionConfig(
TypeError: DataIngestionConfig.__init__() got an unexpected keyword argument 'unzip_dir'
[2025-08-09 18:26:38,656: INFO: main: >>>>>>>>data ingesiton pipeline<<<<<<<<<<]
[2025-08-09 18:26:38,658: INFO: common: yaml file: config\config.yaml loaded succesfully]
[2025-08-09 18:26:38,658: INFO: common: yaml file: params.yaml loaded succesfully]
[2025-08-09 18:26:38,661: INFO: common: yaml file: schema.yaml loaded succesfully]
[2025-08-09 18:26:38,661: INFO: common: created directory at: artifacts]
[2025-08-09 18:26:38,661: INFO: common: created directory at: artifacts/data_ingestion]
[2025-08-09 18:26:38,662: ERROR: main: "'unzip_data_dir'"]
Traceback (most recent call last):
  File "box\\box.py", line 594, in box.box.Box.__getitem__
KeyError: 'unzip_data_dir'

The above exception was the direct cause of the following exception:

Traceback (most recent call last):
  File "D:\MLOPs-Tutorials\DS-Project-end2end\main.py", line 9, in <module>
    data_ingestion.initiate_data_ingestion()
  File "D:\MLOPs-Tutorials\DS-Project-end2end\src\dataScience\pipeline\data_ingestion_pipeline.py", line 14, in initiate_data_ingestion
    data_ingestion_config=config.get_data_ingestion_config()
  File "D:\MLOPs-Tutorials\DS-Project-end2end\src\dataScience\config\configuration.py", line 27, in get_data_ingestion_config
    unzip_data_dir=config['unzip_data_dir']
  File "box\\box.py", line 621, in box.box.Box.__getitem__
box.exceptions.BoxKeyError: "'unzip_data_dir'"
[2025-08-09 18:27:37,355: INFO: main: >>>>>>>>data ingesiton pipeline<<<<<<<<<<]
[2025-08-09 18:27:37,366: INFO: common: yaml file: config\config.yaml loaded succesfully]
[2025-08-09 18:27:37,372: INFO: common: yaml file: params.yaml loaded succesfully]
[2025-08-09 18:27:37,372: INFO: common: yaml file: schema.yaml loaded succesfully]
[2025-08-09 18:27:37,372: INFO: common: created directory at: artifacts]
[2025-08-09 18:27:37,372: INFO: common: created directory at: artifacts/data_ingestion]
[2025-08-09 18:27:37,375: ERROR: main: "'unzip_data_dir'"]
Traceback (most recent call last):
  File "box\\box.py", line 594, in box.box.Box.__getitem__
KeyError: 'unzip_data_dir'

The above exception was the direct cause of the following exception:

Traceback (most recent call last):
  File "D:\MLOPs-Tutorials\DS-Project-end2end\main.py", line 9, in <module>
    data_ingestion.initiate_data_ingestion()
  File "D:\MLOPs-Tutorials\DS-Project-end2end\src\dataScience\pipeline\data_ingestion_pipeline.py", line 14, in initiate_data_ingestion
    data_ingestion_config=config.get_data_ingestion_config()
  File "D:\MLOPs-Tutorials\DS-Project-end2end\src\dataScience\config\configuration.py", line 27, in get_data_ingestion_config
    unzip_data_dir=config['unzip_data_dir']
  File "box\\box.py", line 621, in box.box.Box.__getitem__
box.exceptions.BoxKeyError: "'unzip_data_dir'"
[2025-08-09 18:28:33,568: INFO: main: >>>>>>>>data ingesiton pipeline<<<<<<<<<<]
[2025-08-09 18:28:33,569: INFO: common: yaml file: config\config.yaml loaded succesfully]
[2025-08-09 18:28:33,570: INFO: common: yaml file: params.yaml loaded succesfully]
[2025-08-09 18:28:33,571: INFO: common: yaml file: schema.yaml loaded succesfully]
[2025-08-09 18:28:33,572: INFO: common: created directory at: artifacts]
[2025-08-09 18:28:33,572: INFO: common: created directory at: artifacts/data_ingestion]
[2025-08-09 18:28:33,572: INFO: data_ingestion: file already exists]
[2025-08-09 18:28:33,572: ERROR: main: 'DataIngestionConfig' object has no attribute 'unzip_dir']
Traceback (most recent call last):
  File "D:\MLOPs-Tutorials\DS-Project-end2end\main.py", line 9, in <module>
    data_ingestion.initiate_data_ingestion()
  File "D:\MLOPs-Tutorials\DS-Project-end2end\src\dataScience\pipeline\data_ingestion_pipeline.py", line 17, in initiate_data_ingestion
    data_ingestion.extract_zip()
  File "D:\MLOPs-Tutorials\DS-Project-end2end\src\dataScience\components\data_ingestion.py", line 23, in extract_zip
    unzip_path=self.config.unzip_dir
AttributeError: 'DataIngestionConfig' object has no attribute 'unzip_dir'
[2025-08-09 18:29:03,106: INFO: main: >>>>>>>>data ingesiton pipeline<<<<<<<<<<]
[2025-08-09 18:29:03,117: INFO: common: yaml file: config\config.yaml loaded succesfully]
[2025-08-09 18:29:03,118: INFO: common: yaml file: params.yaml loaded succesfully]
[2025-08-09 18:29:03,120: INFO: common: yaml file: schema.yaml loaded succesfully]
[2025-08-09 18:29:03,121: INFO: common: created directory at: artifacts]
[2025-08-09 18:29:03,121: INFO: common: created directory at: artifacts/data_ingestion]
[2025-08-09 18:29:03,122: INFO: data_ingestion: file already exists]
[2025-08-09 18:29:03,122: ERROR: main: 'DataIngestionConfig' object has no attribute 'unzip_dir']
Traceback (most recent call last):
  File "D:\MLOPs-Tutorials\DS-Project-end2end\main.py", line 9, in <module>
    data_ingestion.initiate_data_ingestion()
  File "D:\MLOPs-Tutorials\DS-Project-end2end\src\dataScience\pipeline\data_ingestion_pipeline.py", line 17, in initiate_data_ingestion
    data_ingestion.extract_zip()
  File "D:\MLOPs-Tutorials\DS-Project-end2end\src\dataScience\components\data_ingestion.py", line 23, in extract_zip
    unzip_path=self.config.unzip_dir
AttributeError: 'DataIngestionConfig' object has no attribute 'unzip_dir'
[2025-08-09 18:31:20,292: INFO: main: >>>>>>>>data ingesiton pipeline<<<<<<<<<<]
[2025-08-09 18:31:20,292: INFO: common: yaml file: config\config.yaml loaded succesfully]
[2025-08-09 18:31:20,292: INFO: common: yaml file: params.yaml loaded succesfully]
[2025-08-09 18:31:20,292: INFO: common: yaml file: schema.yaml loaded succesfully]
[2025-08-09 18:31:20,292: INFO: common: created directory at: artifacts]
[2025-08-09 18:31:20,292: INFO: common: created directory at: artifacts/data_ingestion]
[2025-08-09 18:31:20,292: INFO: data_ingestion: file already exists]
[2025-08-09 18:31:20,292: INFO: main: >>>>>>>>>stage data ingesiton pipeline completed <<<<<<< ]
[2025-08-09 18:31:20,304: INFO: main: >>>>>> stage Data Validation stage started <<<<<<]
[2025-08-09 18:31:20,306: INFO: common: yaml file: config\config.yaml loaded succesfully]
[2025-08-09 18:31:20,307: INFO: common: yaml file: params.yaml loaded succesfully]
[2025-08-09 18:31:20,307: INFO: common: yaml file: schema.yaml loaded succesfully]
[2025-08-09 18:31:20,307: INFO: common: created directory at: artifacts]
[2025-08-09 18:31:20,307: INFO: common: created directory at: artifacts/data_validation]
[2025-08-09 18:31:20,307: ERROR: main: DataValidationConfig.__init__() got an unexpected keyword argument 'unzip_data_dir']
Traceback (most recent call last):
  File "D:\MLOPs-Tutorials\DS-Project-end2end\main.py", line 19, in <module>
    data_ingestion.initiate_data_validation()
  File "D:\MLOPs-Tutorials\DS-Project-end2end\src\dataScience\pipeline\data_validation_pipeline.py", line 13, in initiate_data_validation
    data_validation_config = config.get_data_validation_config()
  File "D:\MLOPs-Tutorials\DS-Project-end2end\src\dataScience\config\configuration.py", line 36, in get_data_validation_config
    data_validation_config = DataValidationConfig(
TypeError: DataValidationConfig.__init__() got an unexpected keyword argument 'unzip_data_dir'
[2025-08-09 18:41:40,963: INFO: main: >>>>>>>>data ingesiton pipeline<<<<<<<<<<]
[2025-08-09 18:41:40,963: INFO: common: yaml file: config\config.yaml loaded succesfully]
[2025-08-09 18:41:40,963: INFO: common: yaml file: params.yaml loaded succesfully]
[2025-08-09 18:41:40,963: INFO: common: yaml file: schema.yaml loaded succesfully]
[2025-08-09 18:41:40,963: INFO: common: created directory at: artifacts]
[2025-08-09 18:41:40,963: INFO: common: created directory at: artifacts/data_ingestion]
[2025-08-09 18:41:40,963: INFO: data_ingestion: file already exists]
[2025-08-09 18:41:40,963: INFO: main: >>>>>>>>>stage data ingesiton pipeline completed <<<<<<< ]
[2025-08-09 18:41:40,963: INFO: main: >>>>>> stage Data Validation stage started <<<<<<]
[2025-08-09 18:41:40,979: INFO: common: yaml file: config\config.yaml loaded succesfully]
[2025-08-09 18:41:40,980: INFO: common: yaml file: params.yaml loaded succesfully]
[2025-08-09 18:41:40,983: INFO: common: yaml file: schema.yaml loaded succesfully]
[2025-08-09 18:41:40,984: INFO: common: created directory at: artifacts]
[2025-08-09 18:41:40,984: INFO: common: created directory at: artifacts/data_validation]
[2025-08-09 18:41:40,985: ERROR: main: name 'pd' is not defined]
Traceback (most recent call last):
  File "D:\MLOPs-Tutorials\DS-Project-end2end\main.py", line 19, in <module>
    data_ingestion.initiate_data_validation()
  File "D:\MLOPs-Tutorials\DS-Project-end2end\src\dataScience\pipeline\data_validation_pipeline.py", line 15, in initiate_data_validation
    data_validation.validate_all_columns()
  File "D:\MLOPs-Tutorials\DS-Project-end2end\src\dataScience\components\data_val.py", line 33, in validate_all_columns
    raise e
  File "D:\MLOPs-Tutorials\DS-Project-end2end\src\dataScience\components\data_val.py", line 14, in validate_all_columns
    data = pd.read_csv(self.config.unzip_data_dir)
NameError: name 'pd' is not defined
[2025-08-09 18:52:04,698: INFO: main: >>>>>>>>data ingesiton pipeline<<<<<<<<<<]
[2025-08-09 18:52:04,699: INFO: common: yaml file: config\config.yaml loaded succesfully]
[2025-08-09 18:52:04,699: INFO: common: yaml file: params.yaml loaded succesfully]
[2025-08-09 18:52:04,699: INFO: common: yaml file: schema.yaml loaded succesfully]
[2025-08-09 18:52:04,699: INFO: common: created directory at: artifacts]
[2025-08-09 18:52:04,699: INFO: common: created directory at: artifacts/data_ingestion]
[2025-08-09 18:52:04,699: INFO: data_ingestion: file already exists]
[2025-08-09 18:52:04,699: INFO: main: >>>>>>>>>stage data ingesiton pipeline completed <<<<<<< ]
[2025-08-09 18:52:04,706: INFO: main: >>>>>> stage Data Validation stage started <<<<<<]
[2025-08-09 18:52:04,707: INFO: common: yaml file: config\config.yaml loaded succesfully]
[2025-08-09 18:52:04,709: INFO: common: yaml file: params.yaml loaded succesfully]
[2025-08-09 18:52:04,710: INFO: common: yaml file: schema.yaml loaded succesfully]
[2025-08-09 18:52:04,711: INFO: common: created directory at: artifacts]
[2025-08-09 18:52:04,711: INFO: common: created directory at: artifacts/data_validation]
[2025-08-09 18:52:04,724: INFO: main: >>>>>> stage Data Validation stage completed <<<<<<

x==========x]
[2025-08-09 18:52:04,724: INFO: main: welcome to our custom logging data science]
[2025-08-09 22:47:03,179: INFO: common: yaml file: config\config.yaml loaded succesfully]
[2025-08-09 22:47:03,194: INFO: common: yaml file: params.yaml loaded succesfully]
[2025-08-09 22:47:03,199: INFO: common: yaml file: schema.yaml loaded succesfully]
[2025-08-09 22:47:03,202: INFO: common: created directory at: artifacts]
[2025-08-09 22:47:03,203: INFO: common: created directory at: artifacts/data_transformation]
[2025-08-09 22:47:03,283: INFO: 974566177: splitting of data completed!!]
[2025-08-09 22:47:03,284: INFO: 974566177: (1199, 12)]
[2025-08-09 22:47:03,284: INFO: 974566177: (400, 12)]
[2025-08-10 00:06:16,818: INFO: main: >>>>>>>>data ingesiton pipeline<<<<<<<<<<]
[2025-08-10 00:06:16,819: INFO: common: yaml file: config\config.yaml loaded succesfully]
[2025-08-10 00:06:16,820: INFO: common: yaml file: params.yaml loaded succesfully]
[2025-08-10 00:06:16,820: INFO: common: yaml file: schema.yaml loaded succesfully]
[2025-08-10 00:06:16,820: INFO: common: created directory at: artifacts]
[2025-08-10 00:06:16,820: INFO: common: created directory at: artifacts/data_ingestion]
[2025-08-10 00:06:16,820: INFO: data_ingestion: file already exists]
[2025-08-10 00:06:16,841: INFO: main: >>>>>>>>>stage data ingesiton pipeline completed <<<<<<< ]
[2025-08-10 00:06:16,841: INFO: main: >>>>>> stage Data Validation stage started <<<<<<]
[2025-08-10 00:06:16,842: INFO: common: yaml file: config\config.yaml loaded succesfully]
[2025-08-10 00:06:16,844: INFO: common: yaml file: params.yaml loaded succesfully]
[2025-08-10 00:06:16,844: INFO: common: yaml file: schema.yaml loaded succesfully]
[2025-08-10 00:06:16,844: INFO: common: created directory at: artifacts]
[2025-08-10 00:06:16,844: INFO: common: created directory at: artifacts/data_validation]
[2025-08-10 00:06:16,864: INFO: main: >>>>>> stage Data Validation stage completed <<<<<<

x==========x]
[2025-08-10 00:06:16,864: INFO: main: welcome to our custom logging data science]
[2025-08-10 00:06:16,864: INFO: main: >>>>>> stage Data Transformation Stage started <<<<<<]
[2025-08-10 00:10:36,586: INFO: main: >>>>>>>>data ingesiton pipeline<<<<<<<<<<]
[2025-08-10 00:10:36,587: INFO: common: yaml file: config\config.yaml loaded succesfully]
[2025-08-10 00:10:36,588: INFO: common: yaml file: params.yaml loaded succesfully]
[2025-08-10 00:10:36,589: INFO: common: yaml file: schema.yaml loaded succesfully]
[2025-08-10 00:10:36,590: INFO: common: created directory at: artifacts]
[2025-08-10 00:10:36,591: INFO: common: created directory at: artifacts/data_ingestion]
[2025-08-10 00:10:36,591: INFO: data_ingestion: file already exists]
[2025-08-10 00:10:36,593: INFO: main: >>>>>>>>>stage data ingesiton pipeline completed <<<<<<< ]
[2025-08-10 00:10:36,593: INFO: main: >>>>>> stage Data Validation stage started <<<<<<]
[2025-08-10 00:10:36,595: INFO: common: yaml file: config\config.yaml loaded succesfully]
[2025-08-10 00:10:36,596: INFO: common: yaml file: params.yaml loaded succesfully]
[2025-08-10 00:10:36,598: INFO: common: yaml file: schema.yaml loaded succesfully]
[2025-08-10 00:10:36,599: INFO: common: created directory at: artifacts]
[2025-08-10 00:10:36,599: INFO: common: created directory at: artifacts/data_validation]
[2025-08-10 00:10:36,619: INFO: main: >>>>>> stage Data Validation stage completed <<<<<<

x==========x]
[2025-08-10 00:10:36,619: INFO: main: welcome to our custom logging data science]
[2025-08-10 00:10:36,619: INFO: main: >>>>>> stage Data Transformation Stage started <<<<<<]
[2025-08-10 00:12:41,729: INFO: main: >>>>>>>>data ingesiton pipeline<<<<<<<<<<]
[2025-08-10 00:12:41,729: INFO: common: yaml file: config\config.yaml loaded succesfully]
[2025-08-10 00:12:41,731: INFO: common: yaml file: params.yaml loaded succesfully]
[2025-08-10 00:12:41,731: INFO: common: yaml file: schema.yaml loaded succesfully]
[2025-08-10 00:12:41,733: INFO: common: created directory at: artifacts]
[2025-08-10 00:12:41,733: INFO: common: created directory at: artifacts/data_ingestion]
[2025-08-10 00:12:41,733: INFO: data_ingestion: file already exists]
[2025-08-10 00:12:41,735: INFO: main: >>>>>>>>>stage data ingesiton pipeline completed <<<<<<< ]
[2025-08-10 00:12:41,735: INFO: main: >>>>>> stage Data Validation stage started <<<<<<]
[2025-08-10 00:12:41,737: INFO: common: yaml file: config\config.yaml loaded succesfully]
[2025-08-10 00:12:41,738: INFO: common: yaml file: params.yaml loaded succesfully]
[2025-08-10 00:12:41,740: INFO: common: yaml file: schema.yaml loaded succesfully]
[2025-08-10 00:12:41,741: INFO: common: created directory at: artifacts]
[2025-08-10 00:12:41,741: INFO: common: created directory at: artifacts/data_validation]
[2025-08-10 00:12:41,760: INFO: main: >>>>>> stage Data Validation stage completed <<<<<<

x==========x]
[2025-08-10 00:12:41,760: INFO: main: welcome to our custom logging data science]
[2025-08-10 00:12:41,760: INFO: main: >>>>>> stage Data Transformation Stage started <<<<<<]
[2025-08-10 00:15:29,262: INFO: main: >>>>>>>>data ingesiton pipeline<<<<<<<<<<]
[2025-08-10 00:15:29,264: INFO: common: yaml file: config\config.yaml loaded succesfully]
[2025-08-10 00:15:29,264: INFO: common: yaml file: params.yaml loaded succesfully]
[2025-08-10 00:15:29,265: INFO: common: yaml file: schema.yaml loaded succesfully]
[2025-08-10 00:15:29,266: INFO: common: created directory at: artifacts]
[2025-08-10 00:15:29,266: INFO: common: created directory at: artifacts/data_ingestion]
[2025-08-10 00:15:29,266: INFO: data_ingestion: file already exists]
[2025-08-10 00:15:29,268: INFO: main: >>>>>>>>>stage data ingesiton pipeline completed <<<<<<< ]
[2025-08-10 00:15:29,269: INFO: main: >>>>>> stage Data Validation stage started <<<<<<]
[2025-08-10 00:15:29,272: INFO: common: yaml file: config\config.yaml loaded succesfully]
[2025-08-10 00:15:29,273: INFO: common: yaml file: params.yaml loaded succesfully]
[2025-08-10 00:15:29,274: INFO: common: yaml file: schema.yaml loaded succesfully]
[2025-08-10 00:15:29,274: INFO: common: created directory at: artifacts]
[2025-08-10 00:15:29,276: INFO: common: created directory at: artifacts/data_validation]
[2025-08-10 00:15:29,294: INFO: main: >>>>>> stage Data Validation stage completed <<<<<<

x==========x]
[2025-08-10 00:15:29,295: INFO: main: welcome to our custom logging data science]
[2025-08-10 00:15:29,295: INFO: main: >>>>>> stage Data Transformation Stage started <<<<<<]
[2025-08-10 00:15:29,297: INFO: common: yaml file: config\config.yaml loaded succesfully]
[2025-08-10 00:15:29,299: INFO: common: yaml file: params.yaml loaded succesfully]
[2025-08-10 00:15:29,303: INFO: common: yaml file: schema.yaml loaded succesfully]
[2025-08-10 00:15:29,304: INFO: common: created directory at: artifacts]
[2025-08-10 00:16:07,417: INFO: main: >>>>>>>>data ingesiton pipeline<<<<<<<<<<]
[2025-08-10 00:16:07,419: INFO: common: yaml file: config\config.yaml loaded succesfully]
[2025-08-10 00:16:07,420: INFO: common: yaml file: params.yaml loaded succesfully]
[2025-08-10 00:16:07,422: INFO: common: yaml file: schema.yaml loaded succesfully]
[2025-08-10 00:16:07,423: INFO: common: created directory at: artifacts]
[2025-08-10 00:16:07,423: INFO: common: created directory at: artifacts/data_ingestion]
[2025-08-10 00:16:07,423: INFO: data_ingestion: file already exists]
[2025-08-10 00:16:07,426: INFO: main: >>>>>>>>>stage data ingesiton pipeline completed <<<<<<< ]
[2025-08-10 00:16:07,426: INFO: main: >>>>>> stage Data Validation stage started <<<<<<]
[2025-08-10 00:16:07,428: INFO: common: yaml file: config\config.yaml loaded succesfully]
[2025-08-10 00:16:07,430: INFO: common: yaml file: params.yaml loaded succesfully]
[2025-08-10 00:16:07,434: INFO: common: yaml file: schema.yaml loaded succesfully]
[2025-08-10 00:16:07,435: INFO: common: created directory at: artifacts]
[2025-08-10 00:16:07,435: INFO: common: created directory at: artifacts/data_validation]
[2025-08-10 00:16:07,451: INFO: main: >>>>>> stage Data Validation stage completed <<<<<<

x==========x]
[2025-08-10 00:16:07,455: INFO: main: welcome to our custom logging data science]
[2025-08-10 00:16:07,455: INFO: main: >>>>>> stage Data Transformation Stage started <<<<<<]
[2025-08-10 00:16:07,458: INFO: common: yaml file: config\config.yaml loaded succesfully]
[2025-08-10 00:16:07,459: INFO: common: yaml file: params.yaml loaded succesfully]
[2025-08-10 00:16:07,460: INFO: common: yaml file: schema.yaml loaded succesfully]
[2025-08-10 00:16:07,461: INFO: common: created directory at: artifacts]
[2025-08-10 00:16:07,464: INFO: common: created directory at: artifacts/data_transformation]
[2025-08-10 00:16:07,486: INFO: data_transformation: splitting of data completed!!]
[2025-08-10 00:16:07,487: INFO: data_transformation: (1199, 12)]
[2025-08-10 00:16:07,487: INFO: data_transformation: (400, 12)]
[2025-08-10 00:16:07,487: INFO: main: >>>>>> stage Data Transformation Stage completed <<<<<<

x==========x]
[2025-08-10 01:14:18,969: INFO: common: yaml file: config\config.yaml loaded succesfully]
[2025-08-10 01:14:18,978: INFO: common: yaml file: params.yaml loaded succesfully]
[2025-08-10 01:14:18,980: INFO: common: yaml file: schema.yaml loaded succesfully]
[2025-08-10 01:14:18,981: INFO: common: created directory at: artifacts]
[2025-08-10 01:14:18,982: INFO: common: created directory at: artifacts/model_trainer]
[2025-08-10 01:18:13,093: INFO: common: yaml file: config\config.yaml loaded succesfully]
[2025-08-10 01:18:13,094: INFO: common: yaml file: params.yaml loaded succesfully]
[2025-08-10 01:18:13,097: INFO: common: yaml file: schema.yaml loaded succesfully]
[2025-08-10 01:18:13,099: INFO: common: created directory at: artifacts]
[2025-08-10 01:18:13,100: INFO: common: created directory at: artifacts/model_trainer]
[2025-08-10 01:19:58,867: INFO: common: yaml file: schema.yaml loaded succesfully]
[2025-08-10 01:28:36,300: INFO: common: yaml file: schema.yaml loaded succesfully]
[2025-08-10 01:29:55,679: INFO: common: yaml file: schema.yaml loaded succesfully]
[2025-08-10 01:29:57,800: INFO: common: yaml file: config\config.yaml loaded succesfully]
[2025-08-10 01:29:57,802: INFO: common: yaml file: params.yaml loaded succesfully]
[2025-08-10 01:29:57,804: INFO: common: yaml file: schema.yaml loaded succesfully]
[2025-08-10 01:29:57,806: INFO: common: created directory at: artifacts]
[2025-08-10 01:29:57,807: INFO: common: created directory at: artifacts/model_trainer]
[2025-08-10 01:33:09,815: INFO: common: yaml file: schema.yaml loaded succesfully]
[2025-08-10 01:33:11,590: INFO: common: yaml file: config\config.yaml loaded succesfully]
[2025-08-10 01:33:11,591: INFO: common: yaml file: params.yaml loaded succesfully]
[2025-08-10 01:33:11,594: INFO: common: yaml file: schema.yaml loaded succesfully]
[2025-08-10 01:33:11,595: INFO: common: created directory at: artifacts]
[2025-08-10 01:33:11,596: INFO: common: created directory at: artifacts/model_trainer]
[2025-08-10 01:35:58,726: INFO: common: yaml file: schema.yaml loaded succesfully]
[2025-08-10 01:36:02,238: INFO: common: yaml file: config\config.yaml loaded succesfully]
[2025-08-10 01:36:02,239: INFO: common: yaml file: params.yaml loaded succesfully]
[2025-08-10 01:36:02,241: INFO: common: yaml file: schema.yaml loaded succesfully]
[2025-08-10 01:36:02,244: INFO: common: created directory at: artifacts]
[2025-08-10 01:36:02,245: INFO: common: created directory at: artifacts/model_trainer]
[2025-08-10 01:36:26,101: INFO: common: yaml file: config\config.yaml loaded succesfully]
[2025-08-10 01:36:26,103: INFO: common: yaml file: params.yaml loaded succesfully]
[2025-08-10 01:36:26,106: INFO: common: yaml file: schema.yaml loaded succesfully]
[2025-08-10 01:36:26,108: INFO: common: created directory at: artifacts]
[2025-08-10 01:36:26,109: INFO: common: created directory at: artifacts/model_trainer]
[2025-08-10 01:37:08,381: INFO: common: yaml file: config\config.yaml loaded succesfully]
[2025-08-10 01:37:08,382: INFO: common: yaml file: params.yaml loaded succesfully]
[2025-08-10 01:37:08,384: INFO: common: yaml file: schema.yaml loaded succesfully]
[2025-08-10 01:37:08,386: INFO: common: created directory at: artifacts]
[2025-08-10 01:37:08,388: INFO: common: created directory at: artifacts/model_trainer]
[2025-08-10 01:58:09,249: INFO: main: >>>>>>>>data ingesiton pipeline<<<<<<<<<<]
[2025-08-10 01:58:09,249: INFO: common: yaml file: config\config.yaml loaded succesfully]
[2025-08-10 01:58:09,268: INFO: common: yaml file: params.yaml loaded succesfully]
[2025-08-10 01:58:09,277: INFO: common: yaml file: schema.yaml loaded succesfully]
[2025-08-10 01:58:09,278: INFO: common: created directory at: artifacts]
[2025-08-10 01:58:09,280: INFO: common: created directory at: artifacts/data_ingestion]
[2025-08-10 01:58:09,280: INFO: data_ingestion: file already exists]
[2025-08-10 01:58:09,294: INFO: main: >>>>>>>>>stage data ingesiton pipeline completed <<<<<<< ]
[2025-08-10 01:58:09,294: INFO: main: >>>>>> stage Data Validation stage started <<<<<<]
[2025-08-10 01:58:09,295: INFO: common: yaml file: config\config.yaml loaded succesfully]
[2025-08-10 01:58:09,295: INFO: common: yaml file: params.yaml loaded succesfully]
[2025-08-10 01:58:09,295: INFO: common: yaml file: schema.yaml loaded succesfully]
[2025-08-10 01:58:09,299: INFO: common: created directory at: artifacts]
[2025-08-10 01:58:09,299: INFO: common: created directory at: artifacts/data_validation]
[2025-08-10 01:58:09,316: INFO: main: >>>>>> stage Data Validation stage completed <<<<<<

x==========x]
[2025-08-10 01:58:09,316: INFO: main: welcome to our custom logging data science]
[2025-08-10 01:58:09,316: INFO: main: >>>>>> stage Data Transformation Stage started <<<<<<]
[2025-08-10 01:58:09,317: INFO: main: >>>>>> stage Data Transformation Stage completed <<<<<<

x==========x]
[2025-08-10 01:58:09,317: INFO: main: >>>>>> stage Model Trainer Stage started <<<<<<]
[2025-08-10 01:58:09,319: INFO: common: yaml file: config\config.yaml loaded succesfully]
[2025-08-10 01:58:09,319: INFO: common: yaml file: params.yaml loaded succesfully]
[2025-08-10 01:58:09,319: INFO: common: yaml file: schema.yaml loaded succesfully]
[2025-08-10 01:58:09,322: INFO: common: created directory at: artifacts]
[2025-08-10 01:58:09,323: INFO: common: created directory at: artifacts/model_trainer]
[2025-08-10 01:58:09,355: INFO: main: >>>>>> stage Model Trainer Stage completed <<<<<<

x==========x]
[2025-08-10 12:19:50,780: INFO: common: yaml file: config\config.yaml loaded succesfully]
[2025-08-10 12:19:50,789: INFO: common: yaml file: params.yaml loaded succesfully]
[2025-08-10 12:19:50,798: INFO: common: yaml file: schema.yaml loaded succesfully]
[2025-08-10 12:20:20,571: INFO: common: yaml file: config\config.yaml loaded succesfully]
[2025-08-10 12:20:20,573: INFO: common: yaml file: params.yaml loaded succesfully]
[2025-08-10 12:20:20,576: INFO: common: yaml file: schema.yaml loaded succesfully]
[2025-08-10 12:20:20,577: INFO: common: created directory at: artifacts]
[2025-08-10 12:23:52,612: INFO: common: yaml file: config\config.yaml loaded succesfully]
[2025-08-10 12:23:52,614: INFO: common: yaml file: params.yaml loaded succesfully]
[2025-08-10 12:23:52,616: INFO: common: yaml file: schema.yaml loaded succesfully]
[2025-08-10 12:23:52,617: INFO: common: created directory at: artifacts]
[2025-08-10 12:23:52,618: INFO: common: created directory at: artifacts/model_evalution]
[2025-08-10 12:25:49,608: INFO: common: yaml file: config\config.yaml loaded succesfully]
[2025-08-10 12:25:49,608: INFO: common: yaml file: params.yaml loaded succesfully]
[2025-08-10 12:25:49,612: INFO: common: yaml file: schema.yaml loaded succesfully]
[2025-08-10 12:25:49,615: INFO: common: created directory at: artifacts]
[2025-08-10 12:25:49,616: INFO: common: created directory at: artifacts/model_evalution]
[2025-08-10 12:27:33,951: INFO: common: yaml file: config\config.yaml loaded succesfully]
[2025-08-10 12:27:33,955: INFO: common: yaml file: params.yaml loaded succesfully]
[2025-08-10 12:27:33,957: INFO: common: yaml file: schema.yaml loaded succesfully]
[2025-08-10 12:27:33,958: INFO: common: created directory at: artifacts]
[2025-08-10 12:27:33,959: INFO: common: created directory at: artifacts/model_evalution]
[2025-08-10 12:29:14,434: INFO: common: yaml file: config\config.yaml loaded succesfully]
[2025-08-10 12:29:14,436: INFO: common: yaml file: params.yaml loaded succesfully]
[2025-08-10 12:29:14,439: INFO: common: yaml file: schema.yaml loaded succesfully]
[2025-08-10 12:29:14,440: INFO: common: created directory at: artifacts]
[2025-08-10 12:29:14,441: INFO: common: created directory at: artifacts/model_evalution]
[2025-08-10 12:29:55,801: INFO: common: yaml file: config\config.yaml loaded succesfully]
[2025-08-10 12:29:55,804: INFO: common: yaml file: params.yaml loaded succesfully]
[2025-08-10 12:29:55,806: INFO: common: yaml file: schema.yaml loaded succesfully]
[2025-08-10 12:29:55,807: INFO: common: created directory at: artifacts]
[2025-08-10 12:29:55,807: INFO: common: created directory at: artifacts/model_evalution]
[2025-08-10 12:29:56,263: INFO: common: json file saved at: artifacts\model_evalution\metrics.json]
[2025-08-10 12:54:46,885: INFO: main: >>>>>>>>data ingesiton pipeline<<<<<<<<<<]
[2025-08-10 12:54:46,895: INFO: common: yaml file: config\config.yaml loaded succesfully]
[2025-08-10 12:54:46,900: INFO: common: yaml file: params.yaml loaded succesfully]
[2025-08-10 12:54:46,900: INFO: common: yaml file: schema.yaml loaded succesfully]
[2025-08-10 12:54:46,900: INFO: common: created directory at: artifacts]
[2025-08-10 12:54:46,900: INFO: common: created directory at: artifacts/data_ingestion]
[2025-08-10 12:54:46,900: INFO: data_ingestion: file already exists]
[2025-08-10 12:54:46,919: INFO: main: >>>>>>>>>stage data ingesiton pipeline completed <<<<<<< ]
[2025-08-10 12:54:46,919: INFO: main: >>>>>> stage Data Validation stage started <<<<<<]
[2025-08-10 12:54:46,923: INFO: common: yaml file: config\config.yaml loaded succesfully]
[2025-08-10 12:54:46,924: INFO: common: yaml file: params.yaml loaded succesfully]
[2025-08-10 12:54:46,926: INFO: common: yaml file: schema.yaml loaded succesfully]
[2025-08-10 12:54:46,926: INFO: common: created directory at: artifacts]
[2025-08-10 12:54:46,926: INFO: common: created directory at: artifacts/data_validation]
[2025-08-10 12:54:46,943: INFO: main: >>>>>> stage Data Validation stage completed <<<<<<

x==========x]
[2025-08-10 12:54:46,943: INFO: main: welcome to our custom logging data science]
[2025-08-10 12:54:46,943: INFO: main: >>>>>> stage Data Transformation Stage started <<<<<<]
[2025-08-10 12:54:46,943: INFO: main: >>>>>> stage Data Transformation Stage completed <<<<<<

x==========x]
[2025-08-10 12:54:46,944: INFO: main: >>>>>> stage Model Trainer Stage started <<<<<<]
[2025-08-10 12:54:46,945: INFO: common: yaml file: config\config.yaml loaded succesfully]
[2025-08-10 12:54:46,947: INFO: common: yaml file: params.yaml loaded succesfully]
[2025-08-10 12:54:46,949: INFO: common: yaml file: schema.yaml loaded succesfully]
[2025-08-10 12:54:46,949: INFO: common: created directory at: artifacts]
[2025-08-10 12:54:46,949: INFO: common: created directory at: artifacts/model_trainer]
[2025-08-10 12:54:46,980: INFO: main: >>>>>> stage Model Trainer Stage completed <<<<<<

x==========x]
[2025-08-10 12:54:46,980: INFO: main: >>>>>> stage Model evaluation stage started <<<<<<]
[2025-08-10 12:54:46,980: INFO: common: yaml file: config\config.yaml loaded succesfully]
[2025-08-10 12:54:46,985: INFO: common: yaml file: params.yaml loaded succesfully]
[2025-08-10 12:54:46,985: INFO: common: yaml file: schema.yaml loaded succesfully]
[2025-08-10 12:54:46,985: INFO: common: created directory at: artifacts]
[2025-08-10 12:54:46,985: INFO: common: created directory at: artifacts/model_evalution]
[2025-08-10 12:54:46,985: ERROR: main: 'ModelEval' object has no attribute 'log_into_mlflow']
Traceback (most recent call last):
  File "D:\MLOPs-Tutorials\DS-Project-end2end\main.py", line 53, in <module>
    data_ingestion.initiate_model_evaluation()
  File "D:\MLOPs-Tutorials\DS-Project-end2end\src\dataScience\pipeline\model_evaluation_pipeline.py", line 15, in initiate_model_evaluation
    model_evaluation.log_into_mlflow()
AttributeError: 'ModelEval' object has no attribute 'log_into_mlflow'. Did you mean: 'login_to_mlflow'?
[2025-08-10 12:55:11,067: INFO: main: >>>>>>>>data ingesiton pipeline<<<<<<<<<<]
[2025-08-10 12:55:11,070: INFO: common: yaml file: config\config.yaml loaded succesfully]
[2025-08-10 12:55:11,070: INFO: common: yaml file: params.yaml loaded succesfully]
[2025-08-10 12:55:11,070: INFO: common: yaml file: schema.yaml loaded succesfully]
[2025-08-10 12:55:11,070: INFO: common: created directory at: artifacts]
[2025-08-10 12:55:11,070: INFO: common: created directory at: artifacts/data_ingestion]
[2025-08-10 12:55:11,074: INFO: data_ingestion: file already exists]
[2025-08-10 12:55:11,076: INFO: main: >>>>>>>>>stage data ingesiton pipeline completed <<<<<<< ]
[2025-08-10 12:55:11,077: INFO: main: >>>>>> stage Data Validation stage started <<<<<<]
[2025-08-10 12:55:11,079: INFO: common: yaml file: config\config.yaml loaded succesfully]
[2025-08-10 12:55:11,079: INFO: common: yaml file: params.yaml loaded succesfully]
[2025-08-10 12:55:11,083: INFO: common: yaml file: schema.yaml loaded succesfully]
[2025-08-10 12:55:11,084: INFO: common: created directory at: artifacts]
[2025-08-10 12:55:11,084: INFO: common: created directory at: artifacts/data_validation]
[2025-08-10 12:55:11,102: INFO: main: >>>>>> stage Data Validation stage completed <<<<<<

x==========x]
[2025-08-10 12:55:11,103: INFO: main: welcome to our custom logging data science]
[2025-08-10 12:55:11,103: INFO: main: >>>>>> stage Data Transformation Stage started <<<<<<]
[2025-08-10 12:55:11,103: INFO: main: >>>>>> stage Data Transformation Stage completed <<<<<<

x==========x]
[2025-08-10 12:55:11,103: INFO: main: >>>>>> stage Model Trainer Stage started <<<<<<]
[2025-08-10 12:55:11,105: INFO: common: yaml file: config\config.yaml loaded succesfully]
[2025-08-10 12:55:11,106: INFO: common: yaml file: params.yaml loaded succesfully]
[2025-08-10 12:55:11,108: INFO: common: yaml file: schema.yaml loaded succesfully]
[2025-08-10 12:55:11,108: INFO: common: created directory at: artifacts]
[2025-08-10 12:55:11,110: INFO: common: created directory at: artifacts/model_trainer]
[2025-08-10 12:55:11,122: INFO: main: >>>>>> stage Model Trainer Stage completed <<<<<<

x==========x]
[2025-08-10 12:55:11,122: INFO: main: >>>>>> stage Model evaluation stage started <<<<<<]
[2025-08-10 12:55:11,124: INFO: common: yaml file: config\config.yaml loaded succesfully]
[2025-08-10 12:55:11,125: INFO: common: yaml file: params.yaml loaded succesfully]
[2025-08-10 12:55:11,127: INFO: common: yaml file: schema.yaml loaded succesfully]
[2025-08-10 12:55:11,128: INFO: common: created directory at: artifacts]
[2025-08-10 12:55:11,129: INFO: common: created directory at: artifacts/model_evalution]
[2025-08-10 12:55:11,395: INFO: common: json file saved at: artifacts\model_evalution\metrics.json]
[2025-08-10 12:55:17,822: INFO: main: >>>>>> stage Model evaluation stage completed <<<<<<

x==========x]
[2025-08-10 12:59:42,618: INFO: main: >>>>>>>>data ingesiton pipeline<<<<<<<<<<]
[2025-08-10 12:59:42,620: INFO: common: yaml file: config\config.yaml loaded succesfully]
[2025-08-10 12:59:42,620: INFO: common: yaml file: params.yaml loaded succesfully]
[2025-08-10 12:59:42,620: INFO: common: yaml file: schema.yaml loaded succesfully]
[2025-08-10 12:59:42,620: INFO: common: created directory at: artifacts]
[2025-08-10 12:59:42,624: INFO: common: created directory at: artifacts/data_ingestion]
[2025-08-10 12:59:42,624: INFO: data_ingestion: file already exists]
[2025-08-10 12:59:42,628: INFO: main: >>>>>>>>>stage data ingesiton pipeline completed <<<<<<< ]
[2025-08-10 12:59:42,628: INFO: main: >>>>>> stage Data Validation stage started <<<<<<]
[2025-08-10 12:59:42,631: INFO: common: yaml file: config\config.yaml loaded succesfully]
[2025-08-10 12:59:42,633: INFO: common: yaml file: params.yaml loaded succesfully]
[2025-08-10 12:59:42,634: INFO: common: yaml file: schema.yaml loaded succesfully]
[2025-08-10 12:59:42,635: INFO: common: created directory at: artifacts]
[2025-08-10 12:59:42,636: INFO: common: created directory at: artifacts/data_validation]
[2025-08-10 12:59:42,653: INFO: main: >>>>>> stage Data Validation stage completed <<<<<<

x==========x]
[2025-08-10 12:59:42,653: INFO: main: welcome to our custom logging data science]
[2025-08-10 12:59:42,654: INFO: main: >>>>>> stage Data Transformation Stage started <<<<<<]
[2025-08-10 12:59:42,654: INFO: main: >>>>>> stage Data Transformation Stage completed <<<<<<

x==========x]
[2025-08-10 12:59:42,654: INFO: main: >>>>>> stage Model Trainer Stage started <<<<<<]
[2025-08-10 12:59:42,656: INFO: common: yaml file: config\config.yaml loaded succesfully]
[2025-08-10 12:59:42,657: INFO: common: yaml file: params.yaml loaded succesfully]
[2025-08-10 12:59:42,658: INFO: common: yaml file: schema.yaml loaded succesfully]
[2025-08-10 12:59:42,658: INFO: common: created directory at: artifacts]
[2025-08-10 12:59:42,658: INFO: common: created directory at: artifacts/model_trainer]
[2025-08-10 12:59:42,668: INFO: main: >>>>>> stage Model Trainer Stage completed <<<<<<

x==========x]
[2025-08-10 12:59:42,668: INFO: main: >>>>>> stage Model evaluation stage started <<<<<<]
[2025-08-10 12:59:42,674: INFO: common: yaml file: config\config.yaml loaded succesfully]
[2025-08-10 12:59:42,675: INFO: common: yaml file: params.yaml loaded succesfully]
[2025-08-10 12:59:42,679: INFO: common: yaml file: schema.yaml loaded succesfully]
[2025-08-10 12:59:42,680: INFO: common: created directory at: artifacts]
[2025-08-10 12:59:42,680: INFO: common: created directory at: artifacts/model_evalution]
[2025-08-10 12:59:43,374: INFO: common: json file saved at: artifacts\model_evalution\metrics.json]
[2025-08-10 12:59:54,514: INFO: main: >>>>>> stage Model evaluation stage completed <<<<<<

x==========x]
